<testsuite name="Django Project Tests" errors="0" failures="0" skips="0" tests="45" time="355.440"><testcase time="1.175891" classname="manager.test.test_models.test_modeles" name="test_School" /><testcase time="2.054567" classname="manager.test.test_models.test_modeles" name="test_contactus" /><testcase time="2.371959" classname="manager.test.test_models.test_modeles" name="test_feedbacks" /><testcase time="2.115364" classname="manager.test.test_models.test_modeles" name="test_logss" /><testcase time="2.077276" classname="manager.test.test_models.test_modeles" name="test_messegerequest" /><testcase time="2.455436" classname="manager.test.test_models.test_modeles" name="test_volinstances" /><testcase time="0.008646" classname="manager.test.test_url.test_urls_manager" name="test_aboutus_url_is_resloved" /><testcase time="0.001084" classname="manager.test.test_url.test_urls_manager" name="test_addcoordinator_url_is_resloved" /><testcase time="0.000358" classname="manager.test.test_url.test_urls_manager" name="test_addschool_url_is_resloved" /><testcase time="0.000495" classname="manager.test.test_url.test_urls_manager" name="test_changepic_url_is_resloved" /><testcase time="0.000258" classname="manager.test.test_url.test_urls_manager" name="test_contactus_url_is_resloved" /><testcase time="0.001706" classname="manager.test.test_url.test_urls_manager" name="test_contactuspage_url_is_resloved" /><testcase time="0.000898" classname="manager.test.test_url.test_urls_manager" name="test_login_url_is_resloved" /><testcase time="0.001037" classname="manager.test.test_url.test_urls_manager" name="test_logoutUser_url_is_resloved" /><testcase time="0.001040" classname="manager.test.test_url.test_urls_manager" name="test_mainpage_url_is_resloved" /><testcase time="0.000331" classname="manager.test.test_url.test_urls_manager" name="test_oldfeedbacks_url_is_resloved" /><testcase time="0.000400" classname="manager.test.test_url.test_urls_manager" name="test_send_feedbacks_url_is_resloved" /><testcase time="0.000833" classname="manager.test.test_url.test_urls_manager" name="test_spfeedback_url_is_resloved" /><testcase time="0.001096" classname="manager.test.test_url.test_urls_manager" name="test_urgent_url_is_resloved" /><testcase time="0.000448" classname="manager.test.test_url.test_urls_manager" name="test_viewfeedbacks_url_is_resloved" /><testcase time="1.400389" classname="manager.test.test_view.Testview" name="test_aboutus" /><testcase time="1.472477" classname="manager.test.test_view.Testview" name="test_addcoordinator" /><testcase time="1.533530" classname="manager.test.test_view.Testview" name="test_addschool" /><testcase time="0.018102" classname="manager.test.test_view.Testview" name="test_changepic" /><testcase time="1.001705" classname="manager.test.test_view.Testview" name="test_contactus" /><testcase time="0.036540" classname="manager.test.test_view.Testview" name="test_login" /><testcase time="0.016672" classname="manager.test.test_view.Testview" name="test_logout" /><testcase time="1.637841" classname="manager.test.test_view.Testview" name="test_mainpage" /><testcase time="1.518874" classname="manager.test.test_view.Testview" name="test_oldfeedbacks" /><testcase time="1.551071" classname="manager.test.test_view.Testview" name="test_oldfeedbacks2" /><testcase time="1.780380" classname="manager.test.test_view.Testview" name="test_send_feedback" /><testcase time="1.549085" classname="manager.test.test_view.Testview" name="test_urgent" /><testcase time="1.528579" classname="manager.test.test_view.Testview" name="test_viewfeedbacks" /><testcase time="0.000260" classname="voulnteers.test.test_urls.test_urls_voulnteers" name="test_changepic_url_is_resloved" /><testcase time="0.000315" classname="voulnteers.test.test_urls.test_urls_voulnteers" name="test_createaccount_url_is_resloved" /><testcase time="0.000287" classname="voulnteers.test.test_urls.test_urls_voulnteers" name="test_feedback_view_url_is_resloved" /><testcase time="0.000362" classname="voulnteers.test.test_urls.test_urls_voulnteers" name="test_index_url_is_resloved" /><testcase time="0.001476" classname="voulnteers.test.test_urls.test_urls_voulnteers" name="test_logoutvoulnteer_url_is_resloved" /><testcase time="0.000292" classname="voulnteers.test.test_urls.test_urls_voulnteers" name="test_mainpage_url_is_resloved" /><testcase time="0.000966" classname="voulnteers.test.test_urls.test_urls_voulnteers" name="test_oldfeedbacks1_url_is_resloved" /><testcase time="0.001490" classname="voulnteers.test.test_urls.test_urls_voulnteers" name="test_request_url_is_resloved" /><testcase time="0.001593" classname="voulnteers.test.test_urls.test_urls_voulnteers" name="test_schoolinfo_url_is_resloved" /><testcase time="0.000327" classname="voulnteers.test.test_urls.test_urls_voulnteers" name="test_schools_url_is_resloved" /><testcase time="0.000357" classname="voulnteers.test.test_urls.test_urls_voulnteers" name="test_show_events_url_is_resloved" /><testcase time="0.001402" classname="voulnteers.test.test_urls.test_urls_voulnteers" name="test_spfeedback_url_is_resloved" /></testsuite>